10:31:44.816 Information Orleans.Runtime.Silo: Silo starting with GC settings: ServerGC=False GCLatencyMode=Interactive
10:31:44.816 Warning     Orleans.Runtime.Silo: Note: Silo not running with ServerGC turned on - recommend checking app config : <configuration>-<runtime>-<gcServer enabled="true">
10:31:44.816 Warning     Orleans.Runtime.Silo: Note: ServerGC only kicks in on multi-core systems (settings enabling ServerGC have no effect on single-core machines).
10:31:44.816 Information Orleans.Runtime.Silo: -------------- Initializing silo on host Andres-MacBook-Pro.local MachineName Andres-MacBook-Pro at 127.0.0.1:11112, gen 149423504 --------------
10:31:44.817 Information Orleans.Runtime.Silo: Starting silo Silo_4c508
10:31:44.861 Information Orleans.Runtime.MembershipService.MembershipTableSystemTarget: GrainBasedMembershipTable Activated.
10:31:44.863 Information Orleans.Runtime.Silo: -------------- Started silo S127.0.0.1:11112:149423504, ConsistentHashCode 2CC7B37A --------------
10:31:44.865 Information Orleans.Hosting.SiloHostedService: Starting Orleans Silo.
10:31:44.869 Information Orleans.Runtime.SiloOptionsLogger: Configuration Orleans.Configuration.ActivationCountBasedPlacementOptions:
ChooseOutOf: 2

10:31:44.869 Information Orleans.Runtime.SiloOptionsLogger: Configuration Orleans.Configuration.AzureTableStreamCheckpointerOptions-poc:
TableName: pocCheckpoints
PersistInterval: 00:00:01
ClientOptions: 
TableServiceClient: Azure.Data.Tables.TableServiceClient

10:31:44.869 Information Orleans.Runtime.SiloOptionsLogger: Configuration Orleans.Configuration.ClusterMembershipOptions:
NumMissedTableIAmAliveLimit: 3
LivenessEnabled: True
ProbeTimeout: 00:00:05
TableRefreshTimeout: 00:01:00
DeathVoteExpirationTimeout: 00:02:00
IAmAliveTablePublishTimeout: 00:00:30
MaxJoinAttemptTime: 00:05:00
UseLivenessGossip: True
NumProbedSilos: 10
NumMissedProbesLimit: 3
NumVotesForDeathDeclaration: 2
DefunctSiloExpiration: 7.00:00:00
DefunctSiloCleanupPeriod: 01:00:00
LocalHealthDegradationMonitoringPeriod: 00:00:10
ExtendProbeTimeoutDuringDegradation: True
EnableIndirectProbes: True
EvictWhenMaxJoinAttemptTimeExceeded: True

10:31:44.869 Information Orleans.Runtime.SiloOptionsLogger: Configuration Orleans.Configuration.ClusterOptions:
ClusterId: poc1021eventhubB0c82ff
ServiceId: poc1021eventhubB0c82ff

10:31:44.869 Information Orleans.Runtime.SiloOptionsLogger: Configuration Orleans.Configuration.ConnectionOptions:
ProtocolVersion: Version1
ConnectionsPerEndpoint: 1
ConnectionRetryDelay: 00:00:01
OpenConnectionTimeout: 00:00:05

10:31:44.869 Information Orleans.Runtime.SiloOptionsLogger: Configuration Orleans.Configuration.ConsistentRingOptions:
NumVirtualBucketsConsistentRing: 30
UseVirtualBucketsConsistentRing: True

10:31:44.869 Information Orleans.Runtime.SiloOptionsLogger: Configuration Orleans.Configuration.DevelopmentClusterMembershipOptions:
PrimarySiloEndpoint: 127.0.0.1:11112

10:31:44.869 Information Orleans.Runtime.SiloOptionsLogger: Configuration Orleans.Configuration.EndpointOptions:
AdvertisedIPAddress: 127.0.0.1
SiloPort: 11112
GatewayPort: 30001
SiloListeningEndpoint: 
GatewayListeningEndpoint: 

10:31:44.869 Information Orleans.Runtime.SiloOptionsLogger: Configuration Orleans.Configuration.EventHubOptions-poc:
ConnectionOptions: Azure.Messaging.EventHubs.EventHubConnectionOptions

10:31:44.869 Information Orleans.Runtime.SiloOptionsLogger: Configuration Orleans.Configuration.EventHubOptions-poc:
ConnectionOptions: Azure.Messaging.EventHubs.EventHubConnectionOptions

10:31:44.869 Information Orleans.Runtime.SiloOptionsLogger: Configuration Orleans.Configuration.EventHubReceiverOptions-poc:
PrefetchCount: 
StartFromNow: True

10:31:44.869 Information Orleans.Runtime.SiloOptionsLogger: Configuration Orleans.Configuration.EventHubStreamCachePressureOptions-poc:
SlowConsumingMonitorFlowControlThreshold: 
SlowConsumingMonitorPressureWindowSize: 
AveragingCachePressureMonitorFlowControlThreshold: 0.3333333333333333

10:31:44.869 Information Orleans.Runtime.SiloOptionsLogger: Configuration Orleans.Configuration.GrainCollectionOptions:
CollectionQuantum: 00:00:02
CollectionAge: 00:00:10
ActivationTimeout: 00:00:30
DeactivationTimeout: 00:00:30
EnableActivationSheddingOnMemoryPressure: False
MemoryUsagePollingPeriod: 00:00:05
MemoryUsageLimitPercentage: 80
MemoryUsageTargetPercentage: 75

10:31:44.869 Information Orleans.Runtime.SiloOptionsLogger: Configuration Orleans.Configuration.GrainDirectoryOptions:
CachingStrategy: LRU
CacheSize: 1000000
PartitionsPerSilo: 1
MaximumCacheTTL: 00:04:00
LazyDeregistrationDelay: 00:01:00

10:31:44.869 Information Orleans.Runtime.SiloOptionsLogger: Configuration Orleans.Configuration.GrainVersioningOptions:
DefaultCompatibilityStrategy: BackwardCompatible
DefaultVersionSelectorStrategy: AllCompatibleVersions

10:31:44.869 Information Orleans.Runtime.SiloOptionsLogger: Configuration Orleans.Configuration.LoadSheddingOptions:
LoadSheddingEnabled: False
CpuThreshold: 95
MemoryThreshold: 90

10:31:44.869 Information Orleans.Runtime.SiloOptionsLogger: Configuration Orleans.Configuration.ResourceOptimizedPlacementOptions:
CpuUsageWeight: 40
MemoryUsageWeight: 20
AvailableMemoryWeight: 20
MaxAvailableMemoryWeight: 5
ActivationCountWeight: 15
LocalSiloPreferenceMargin: 5

10:31:44.869 Information Orleans.Runtime.SiloOptionsLogger: Configuration Orleans.Configuration.SchedulingOptions:
DelayWarningThreshold: 00:00:10
ActivationSchedulingQuantum: 00:00:00.1000000
TurnWarningLengthThreshold: 00:00:01
MaxPendingWorkItemsSoftLimit: 0
StoppedActivationWarningInterval: 00:01:00

10:31:44.869 Information Orleans.Runtime.SiloOptionsLogger: Configuration Orleans.Configuration.SiloMessagingOptions:
SiloSenderQueues: 0
GatewaySenderQueues: 0
MaxForwardCount: 2
ClientDropTimeout: 00:01:00
ClientRegistrationRefresh: 00:05:00
ClientGatewayShutdownNotificationTimeout: 00:00:00
MaxEnqueuedRequestsSoftLimit: 0
MaxEnqueuedRequestsHardLimit: 0
MaxEnqueuedRequestsSoftLimit_StatelessWorker: 0
MaxEnqueuedRequestsHardLimit_StatelessWorker: 0
MaxRequestProcessingTime: 02:00:00
AssumeHomogenousSilosForTesting: False
SystemResponseTimeout: 00:00:30
GrainWorkloadAnalysisPeriod: 00:00:05
RequestProcessingWarningTime: 00:00:20
RequestQueueDelayWarningTime: 00:00:20
WaitForMessageToBeQueuedForOutboundTime: 00:00:00
ResponseTimeout: 00:00:30
ResponseTimeoutWithDebugger: 00:30:00
DropExpiredMessages: True
MaxMessageHeaderSize: 10485760
MaxMessageBodySize: 104857600
CancelRequestOnTimeout: False
WaitForCancellationAcknowledgement: False
CancelUnknownRequestOnStatusUpdate: False

10:31:44.869 Information Orleans.Runtime.SiloOptionsLogger: Configuration Orleans.Configuration.SiloOptions:
SiloName: Silo_4c508

10:31:44.869 Information Orleans.Runtime.SiloOptionsLogger: Configuration Orleans.Configuration.StatelessWorkerOptions:
RemoveIdleWorkers: True
IdleWorkersInspectionPeriod: 00:00:00.5000000
MinIdleCyclesBeforeRemoval: 1

10:31:44.869 Information Orleans.Runtime.SiloOptionsLogger: Configuration Orleans.Configuration.StreamCacheEvictionOptions-poc:
DataMinTimeInCache: 00:00:01
DataMaxAgeInCache: 00:00:03
MetadataMinTimeInCache: 00:00:05

10:31:44.870 Information Orleans.Runtime.SiloOptionsLogger: Configuration Orleans.Configuration.StreamCacheEvictionOptions-poc:
DataMinTimeInCache: 00:00:01
DataMaxAgeInCache: 00:00:03
MetadataMinTimeInCache: 00:00:05

10:31:44.870 Information Orleans.Runtime.SiloOptionsLogger: Configuration Orleans.Configuration.StreamPubSubOptions-poc:
PubSubType: ImplicitOnly

10:31:44.870 Information Orleans.Runtime.SiloOptionsLogger: Configuration Orleans.Configuration.StreamPullingAgentOptions-poc:
BatchContainerBatchSize: 1
GetQueueMsgsTimerPeriod: 00:00:00.1000000
InitQueueTimeout: 00:00:05
MaxEventDeliveryTime: 00:01:00
StreamInactivityPeriod: 00:00:20

10:31:44.870 Information Orleans.Runtime.SiloOptionsLogger: Configuration Orleans.Configuration.StreamStatisticOptions-poc:
StatisticMonitorWriteInterval: 00:00:01

10:31:44.870 Information Orleans.Runtime.SiloOptionsLogger: Configuration Orleans.Configuration.StreamStatisticOptions-poc:
StatisticMonitorWriteInterval: 00:00:01

10:31:44.870 Information Orleans.Runtime.Silo: Silo Start()
10:31:44.870 Information Orleans.Runtime.MembershipService.MembershipTableManager: MembershipOracle starting on host Andres-MacBook-Pro.local with SiloAddress S127.0.0.1:11112:149423504 at 2026-09-26 10:31:44.815 GMT
10:31:44.870 Information Orleans.Runtime.Silo: Init grain services took 0 milliseconds to finish
10:31:44.873 Information Orleans.Runtime.MembershipService.SystemTargetBasedMembershipTable: Connected to membership table provider.
10:31:44.873 Information Orleans.Runtime.MembershipService.MembershipAgent: Joining
10:31:44.884 Information Orleans.Runtime.MembershipService.MembershipAgent: -BecomeActive
10:31:44.885 Information Orleans.Runtime.MembershipService.MembershipAgent: -Finished BecomeActive.
10:31:44.885 Information Orleans.Runtime.Providers.SiloProviderRuntime: Successfully created queue balancer of type Orleans.Streams.ConsistentRingQueueBalancer for stream provider poc
10:31:44.885 Information Orleans.Streams.PersistentStreamPullingManager.poc: Created PersistentStreamPullingManager for Stream Provider poc.
10:31:44.885 Information Orleans.Streams.PersistentStreamPullingManager.poc: Init.
10:31:44.885 Information Orleans.Streams.PersistentStreamPullingManager.poc: Initialize: I am now responsible for 1 queues: [poc-0].
10:31:44.886 Information Orleans.Streams.PersistentStreamPullingManager.poc: Starting agents for 1 queues: [poc-0].
10:31:44.886 Information Orleans.Streams.poc: Created PersistentStreamPullingAgent sys.svc.stream.agent/127.0.0.1:11112@149423504+poc_1_poc-0-0x00000000 for Stream Provider poc on silo S127.0.0.1:11112:149423504 for Queue poc-0-0x00000000.
10:31:44.886 Information Orleans.Streams.poc: Init of PersistentStreamPullingAgent sys.svc.stream.agent/127.0.0.1:11112@149423504+poc_1_poc-0-0x00000000 on silo S127.0.0.1:11112:149423504 for queue poc-0-0x00000000.
10:31:44.886 Information Orleans.Streaming.EventHubs.EventHubAdapterReceiver: Initializing EventHub partition poc-hub-0.
10:31:44.886 Information Orleans.Streaming.EventHubs.EventHubCheckpointer: Creating EventHub checkpointer for partition 0 of stream provider poc with serviceId poc1021eventhubB0c82ff.
10:31:44.886 Information Orleans.Streams.poc: Taking queue poc-0-0x00000000 under my responsibility.
10:31:44.886 Information Orleans.Streams.PersistentStreamPullingManager.poc: Added 1 new queues: [poc-0]. Now own total of 1 queues: [poc-0].
10:31:44.886 Information Orleans.Streams.PersistentStreamPullingManager.poc: Started agents.
10:31:44.886 Information Orleans.Hosting.SiloHostedService: Orleans Silo started.
10:31:44.891 Information Orleans.Streaming.EventHubs.EventHubPartitionCheckpointEntity: Attached to Azure storage table pocCheckpoints
10:31:44.892 Information Orleans.Streaming.EventHubs.EventHubAdapterReceiver: Starting to read latest messages from EventHub partition poc-hub-0.
10:31:47.985 Debug       Orleans.Streams.poc: Got back 1 subscribers for stream poc/consumer/warmup-0c82ff.
10:31:48.096 Debug       Orleans.Streams.poc: Got back 0 subscribers for stream poc/filler/0c82ff.
10:31:48.096 Debug       Orleans.Streams.poc: Got back 1 subscribers for stream poc/consumer/b-0c82ff.
10:32:00.849 Information Orleans.Runtime.ActivationCollector: Deactivating '1' idle activations.
10:32:08.850 Information Orleans.Runtime.ActivationCollector: Deactivating '1' idle activations.
10:32:14.212 Debug       Orleans.Streams.poc: Got back 1 subscribers for stream poc/consumer/b-0c82ff.
10:32:17.292 Information Orleans.Hosting.SiloHostedService: Stopping Orleans Silo
10:32:17.293 Information Orleans.Streams.PersistentStreamPullingManager.poc: Stopping agents for 1 queues: [poc-0].
10:32:17.293 Information Orleans.Streams.PersistentStreamPullingManager.poc: About to remove 1 agents from my responsibility: [poc-0].
10:32:17.293 Information Orleans.Streams.poc: Shutdown of PersistentStreamPullingAgent responsible for queue: poc-0-0x00000000
10:32:22.221 Information Orleans.Streaming.EventHubs.EventHubAdapterReceiver: Stopping reading from EventHub partition poc-hub-0
10:32:22.229 Information Orleans.Streams.poc: Unregister PersistentStreamPullingAgent Producer for stream poc/filler/0c82ff.
10:32:22.229 Information Orleans.Streams.poc: Unregister PersistentStreamPullingAgent Producer for stream poc/consumer/b-0c82ff.
10:32:22.229 Information Orleans.Streams.PersistentStreamPullingManager.poc: Removed 1 queues: [poc-0]. Now own total of 0 queues: [].
10:32:22.229 Information Orleans.Streams.PersistentStreamPullingManager.poc: Stopped agents.
10:32:22.230 Warning     Orleans.Runtime.SiloLifecycleSubject: 'Orleans.Providers.Streams.Common.PersistentStreamProvider-poc' stopped in stage 'Active (20000)' in '00:00:04.9372348'.
10:32:22.247 Information Orleans.Hosting.SiloHostedService: Orleans Silo stopped.
