10:38:16.371 Information Orleans.Runtime.Silo: Silo starting with GC settings: ServerGC=False GCLatencyMode=Interactive
10:38:16.386 Warning     Orleans.Runtime.Silo: Note: Silo not running with ServerGC turned on - recommend checking app config : <configuration>-<runtime>-<gcServer enabled="true">
10:38:16.386 Warning     Orleans.Runtime.Silo: Note: ServerGC only kicks in on multi-core systems (settings enabling ServerGC have no effect on single-core machines).
10:38:16.388 Information Orleans.Runtime.Silo: -------------- Initializing silo on host Andres-MacBook-Pro.local MachineName Andres-MacBook-Pro at 127.0.0.1:11111, gen 149423896 --------------
10:38:16.389 Information Orleans.Runtime.Silo: Starting silo Silo_b74a8
10:38:16.483 Information Orleans.Runtime.MembershipService.MembershipTableSystemTarget: GrainBasedMembershipTable Activated.
10:38:16.496 Information Orleans.Runtime.Silo: -------------- Started silo S127.0.0.1:11111:149423896, ConsistentHashCode 30DA5A1E --------------
10:38:16.502 Information Orleans.Hosting.SiloHostedService: Starting Orleans Silo.
10:38:16.509 Information Orleans.Runtime.SiloOptionsLogger: Configuration Orleans.Configuration.ActivationCountBasedPlacementOptions:
ChooseOutOf: 2

10:38:16.509 Information Orleans.Runtime.SiloOptionsLogger: Configuration Orleans.Configuration.ClusterMembershipOptions:
NumMissedTableIAmAliveLimit: 3
LivenessEnabled: True
ProbeTimeout: 00:00:05
MinProbeTimeout: 00:00:02.5000000
MaxProbeTimeout: 00:00:20
TableRefreshTimeout: 00:01:00
DeathVoteExpirationTimeout: 00:02:00
IAmAliveTablePublishTimeout: 00:00:30
MaxJoinAttemptTime: 00:05:00
UseLivenessGossip: True
NumProbedSilos: 10
NumMissedProbesLimit: 3
NumVotesForDeathDeclaration: 2
DefunctSiloExpiration: 7.00:00:00
DefunctSiloCleanupPeriod: 01:00:00
MaxDefunctSiloEntries: 25
LocalHealthDegradationMonitoringPeriod: 00:00:10
ExtendProbeTimeoutDuringDegradation: True
EnableIndirectProbes: True
EnableConnectionLivenessCheck: True
EvictWhenMaxJoinAttemptTimeExceeded: True

10:38:16.509 Information Orleans.Runtime.SiloOptionsLogger: Configuration Orleans.Configuration.ClusterOptions:
ClusterId: poc1031memoryA1b8e64
ServiceId: poc1031memoryA1b8e64

10:38:16.509 Information Orleans.Runtime.SiloOptionsLogger: Configuration Orleans.Configuration.ConnectionOptions:
ProtocolVersion: Version1
ConnectionsPerEndpoint: 1
ConnectionRetryDelay: 00:00:01
OpenConnectionTimeout: 00:00:05

10:38:16.509 Information Orleans.Runtime.SiloOptionsLogger: Configuration Orleans.Configuration.ConsistentRingOptions:
NumVirtualBucketsConsistentRing: 30
UseVirtualBucketsConsistentRing: True

10:38:16.509 Information Orleans.Runtime.SiloOptionsLogger: Configuration Orleans.Configuration.DevelopmentClusterMembershipOptions:
PrimarySiloEndpoint: 127.0.0.1:11111

10:38:16.509 Information Orleans.Runtime.SiloOptionsLogger: Configuration Orleans.Configuration.EndpointOptions:
AdvertisedIPAddress: 127.0.0.1
SiloPort: 11111
GatewayPort: 30000
SiloListeningEndpoint: 
GatewayListeningEndpoint: 

10:38:16.509 Information Orleans.Runtime.SiloOptionsLogger: Configuration Orleans.Configuration.GrainCollectionOptions:
CollectionQuantum: 00:00:02
CollectionAge: 00:00:10
ActivationTimeout: 00:00:30
DeactivationTimeout: 00:00:30
EnableActivationSheddingOnMemoryPressure: False
MemoryUsagePollingPeriod: 00:00:05
MemoryUsageLimitPercentage: 80
MemoryUsageTargetPercentage: 75

10:38:16.509 Information Orleans.Runtime.SiloOptionsLogger: Configuration Orleans.Configuration.GrainDirectoryOptions:
CachingStrategy: LRU
CacheSize: 1000000
PartitionsPerSilo: 1
MaximumCacheTTL: 00:04:00
LazyDeregistrationDelay: 00:01:00
RangeLeaseDuration: 00:00:30

10:38:16.509 Information Orleans.Runtime.SiloOptionsLogger: Configuration Orleans.Configuration.GrainVersioningOptions:
DefaultCompatibilityStrategy: BackwardCompatible
DefaultVersionSelectorStrategy: AllCompatibleVersions

10:38:16.510 Information Orleans.Runtime.SiloOptionsLogger: Configuration Orleans.Configuration.HashRingStreamQueueMapperOptions-poc:
TotalQueueCount: 1

10:38:16.510 Information Orleans.Runtime.SiloOptionsLogger: Configuration Orleans.Configuration.HashRingStreamQueueMapperOptions-poc:
TotalQueueCount: 1

10:38:16.510 Information Orleans.Runtime.SiloOptionsLogger: Configuration Orleans.Configuration.LoadSheddingOptions:
LoadSheddingEnabled: False
CpuThreshold: 95
MemoryThreshold: 90

10:38:16.510 Information Orleans.Runtime.SiloOptionsLogger: Configuration Orleans.Configuration.ResourceOptimizedPlacementOptions:
CpuUsageWeight: 40
MemoryUsageWeight: 20
AvailableMemoryWeight: 20
MaxAvailableMemoryWeight: 5
ActivationCountWeight: 15
LocalSiloPreferenceMargin: 5

10:38:16.510 Information Orleans.Runtime.SiloOptionsLogger: Configuration Orleans.Configuration.SchedulingOptions:
DelayWarningThreshold: 00:00:10
ActivationSchedulingQuantum: 00:00:00.1000000
TurnWarningLengthThreshold: 00:00:01
MaxPendingWorkItemsSoftLimit: 0
StoppedActivationWarningInterval: 00:01:00

10:38:16.510 Information Orleans.Runtime.SiloOptionsLogger: Configuration Orleans.Configuration.SiloMessagingOptions:
SiloSenderQueues: 0
GatewaySenderQueues: 0
MaxForwardCount: 2
ClientDropTimeout: 00:01:00
ClientRegistrationRefresh: 00:05:00
ClientGatewayShutdownNotificationTimeout: 00:00:00
MaxEnqueuedRequestsSoftLimit: 0
MaxEnqueuedRequestsHardLimit: 0
MaxEnqueuedRequestsSoftLimit_StatelessWorker: 0
MaxEnqueuedRequestsHardLimit_StatelessWorker: 0
MaxRequestProcessingTime: 02:00:00
AssumeHomogenousSilosForTesting: False
SystemResponseTimeout: 00:00:30
GrainWorkloadAnalysisPeriod: 00:00:05
RequestProcessingWarningTime: 00:00:20
RequestQueueDelayWarningTime: 00:00:20
WaitForMessageToBeQueuedForOutboundTime: 00:00:00
PlacementTimeout: 00:00:30
PlacementMaxRetries: 3
PlacementRetryBaseDelay: 00:00:00.1000000
ResponseTimeout: 00:00:30
ResponseTimeoutWithDebugger: 00:30:00
DropExpiredMessages: True
MaxMessageHeaderSize: 10485760
MaxMessageBodySize: 104857600
CancelRequestOnTimeout: False
WaitForCancellationAcknowledgement: False
CancelUnknownRequestOnStatusUpdate: False

10:38:16.510 Information Orleans.Runtime.SiloOptionsLogger: Configuration Orleans.Configuration.SiloOptions:
SiloName: Silo_b74a8

10:38:16.510 Information Orleans.Runtime.SiloOptionsLogger: Configuration Orleans.Configuration.StatelessWorkerOptions:
RemoveIdleWorkers: True
IdleWorkersInspectionPeriod: 00:00:00.5000000
MinIdleCyclesBeforeRemoval: 1

10:38:16.510 Information Orleans.Runtime.SiloOptionsLogger: Configuration Orleans.Configuration.StreamCacheEvictionOptions-poc:
DataMinTimeInCache: 00:00:01
DataMaxAgeInCache: 00:00:03
MetadataMinTimeInCache: 00:00:05

10:38:16.511 Information Orleans.Runtime.SiloOptionsLogger: Configuration Orleans.Configuration.StreamCacheEvictionOptions-poc:
DataMinTimeInCache: 00:00:01
DataMaxAgeInCache: 00:00:03
MetadataMinTimeInCache: 00:00:05

10:38:16.511 Information Orleans.Runtime.SiloOptionsLogger: Configuration Orleans.Configuration.StreamPubSubOptions-poc:
PubSubType: ImplicitOnly

10:38:16.511 Information Orleans.Runtime.SiloOptionsLogger: Configuration Orleans.Configuration.StreamPullingAgentOptions-poc:
BatchContainerBatchSize: 1
GetQueueMsgsTimerPeriod: 00:00:00.1000000
InitQueueTimeout: 00:00:05
MaxEventDeliveryTime: 00:01:00
StreamInactivityPeriod: 00:00:20

10:38:16.511 Information Orleans.Runtime.SiloOptionsLogger: Configuration Orleans.Configuration.StreamStatisticOptions-poc:
StatisticMonitorWriteInterval: 00:00:01

10:38:16.511 Information Orleans.Runtime.SiloOptionsLogger: Configuration Orleans.Configuration.StreamStatisticOptions-poc:
StatisticMonitorWriteInterval: 00:00:01

10:38:16.523 Information Orleans.Runtime.Silo: Silo Start()
10:38:16.530 Information Orleans.Runtime.MembershipService.MembershipTableManager: MembershipOracle starting on host Andres-MacBook-Pro.local with SiloAddress S127.0.0.1:11111:149423896 at 2026-09-26 10:38:16.264 GMT
10:38:16.531 Information Orleans.Runtime.Silo: Init grain services took 0 milliseconds to finish
10:38:16.548 Information Orleans.Runtime.MembershipService.SystemTargetBasedMembershipTable: Connected to membership table provider.
10:38:16.554 Information Orleans.Runtime.MembershipService.MembershipAgent: Joining
10:38:16.567 Information Orleans.Runtime.MembershipService.MembershipAgent: -BecomeActive
10:38:16.571 Information Orleans.Runtime.MembershipService.MembershipAgent: -Finished BecomeActive.
10:38:16.574 Information Orleans.Runtime.Providers.SiloProviderRuntime: Successfully created queue balancer of type Orleans.Streams.ConsistentRingQueueBalancer for stream provider poc
10:38:16.575 Information Orleans.Streams.PersistentStreamPullingManager.poc: Created PersistentStreamPullingManager for Stream Provider poc.
10:38:16.577 Information Orleans.Streams.PersistentStreamPullingManager.poc: Init.
10:38:16.581 Information Orleans.Streams.PersistentStreamPullingManager.poc: Initialize: I am now responsible for 1 queues: [poc-0].
10:38:16.582 Information Orleans.Streams.PersistentStreamPullingManager.poc: Starting agents for 1 queues: [poc-0].
10:38:16.586 Information Orleans.Streams.poc: Created PersistentStreamPullingAgent sys.svc.stream.agent/127.0.0.1:11111@149423896+poc_1_poc-0-0x00000000 for Stream Provider poc on silo S127.0.0.1:11111:149423896 for Queue poc-0-0x00000000.
10:38:16.588 Information Orleans.Streams.poc: Init of PersistentStreamPullingAgent sys.svc.stream.agent/127.0.0.1:11111@149423896+poc_1_poc-0-0x00000000 on silo S127.0.0.1:11111:149423896 for queue poc-0-0x00000000.
10:38:16.597 Information Orleans.Streams.poc: Taking queue poc-0-0x00000000 under my responsibility.
10:38:16.599 Information Orleans.Streams.PersistentStreamPullingManager.poc: Added 1 new queues: [poc-0]. Now own total of 1 queues: [poc-0].
10:38:16.599 Information Orleans.Streams.PersistentStreamPullingManager.poc: Started agents.
10:38:16.600 Information Orleans.Hosting.SiloHostedService: Orleans Silo started.
10:38:16.624 Information Polly: Execution attempt. Source: 'Orleans.Placement/(null)/Retry', Operation Key: '', Result: 'S127.0.0.1:11111:149423896', Handled: 'False', Attempt: '0', Execution Time: 8.0255ms
10:38:16.624 Information Polly: Execution attempt. Source: 'Orleans.Placement/(null)/Retry', Operation Key: '', Result: 'S127.0.0.1:11111:149423896', Handled: 'False', Attempt: '0', Execution Time: 7.9978ms
10:38:16.626 Information Polly: Resilience pipeline executed. Source: 'Orleans.Placement/(null)', Operation Key: '', Result: 'S127.0.0.1:11111:149423896', Execution Time: 16.5798ms
10:38:16.626 Information Polly: Resilience pipeline executed. Source: 'Orleans.Placement/(null)', Operation Key: '', Result: 'S127.0.0.1:11111:149423896', Execution Time: 16.5625ms
10:38:16.765 Debug       Orleans.Streams.poc: Got back 1 subscribers for stream poc/consumer/warmup-1b8e64.
10:38:16.862 Information Polly: Execution attempt. Source: 'Orleans.Placement/(null)/Retry', Operation Key: '', Result: 'S127.0.0.1:11111:149423896', Handled: 'False', Attempt: '0', Execution Time: 0.0982ms
10:38:16.862 Information Polly: Resilience pipeline executed. Source: 'Orleans.Placement/(null)', Operation Key: '', Result: 'S127.0.0.1:11111:149423896', Execution Time: 0.1939ms
10:38:16.960 Debug       Orleans.Streams.poc: Got back 0 subscribers for stream poc/filler/1b8e64.
10:38:16.960 Debug       Orleans.Streams.poc: Got back 1 subscribers for stream poc/consumer/a-1b8e64.
10:38:28.436 Information Orleans.Runtime.ActivationCollector: Deactivating '1' idle activations.
10:38:42.967 Debug       Orleans.Streams.poc: Got back 1 subscribers for stream poc/consumer/a-1b8e64.
10:38:46.072 Information Orleans.Hosting.SiloHostedService: Stopping Orleans Silo
10:38:46.077 Information Orleans.Streams.PersistentStreamPullingManager.poc: Stopping agents for 1 queues: [poc-0].
10:38:46.077 Information Orleans.Streams.PersistentStreamPullingManager.poc: About to remove 1 agents from my responsibility: [poc-0].
10:38:46.079 Information Orleans.Streams.poc: Shutdown of PersistentStreamPullingAgent responsible for queue: poc-0-0x00000000
10:38:46.081 Information Orleans.Streams.poc: Unregister PersistentStreamPullingAgent Producer for stream poc/filler/1b8e64.
10:38:46.081 Information Orleans.Streams.poc: Unregister PersistentStreamPullingAgent Producer for stream poc/consumer/a-1b8e64.
10:38:46.082 Information Orleans.Streams.PersistentStreamPullingManager.poc: Removed 1 queues: [poc-0]. Now own total of 0 queues: [].
10:38:46.082 Information Orleans.Streams.PersistentStreamPullingManager.poc: Stopped agents.
10:38:46.110 Information Orleans.Hosting.SiloHostedService: Orleans Silo stopped.
