13:19:07.922 Information Orleans.Runtime.Silo: Silo starting with GC settings: ServerGC=False GCLatencyMode=Interactive
13:19:07.922 Warning     Orleans.Runtime.Silo: Note: Silo not running with ServerGC turned on - recommend checking app config : <configuration>-<runtime>-<gcServer enabled="true">
13:19:07.922 Warning     Orleans.Runtime.Silo: Note: ServerGC only kicks in on multi-core systems (settings enabling ServerGC have no effect on single-core machines).
13:19:07.922 Information Orleans.Runtime.Silo: -------------- Initializing silo on host Andres-MacBook-Pro.local MachineName Andres-MacBook-Pro at 127.0.0.1:11112, gen 149606347 --------------
13:19:07.922 Information Orleans.Runtime.Silo: Starting silo Silo_3b3bb
13:19:07.941 Information Orleans.Runtime.MembershipService.MembershipTableSystemTarget: GrainBasedMembershipTable Activated.
13:19:07.943 Information Orleans.Runtime.Silo: -------------- Started silo S127.0.0.1:11112:149606347, ConsistentHashCode 756B4F3A --------------
13:19:07.946 Information Orleans.Hosting.SiloHostedService: Starting Orleans Silo.
13:19:07.948 Information Orleans.Runtime.SiloOptionsLogger: Configuration Orleans.Configuration.ActivationCountBasedPlacementOptions:
ChooseOutOf: 2

13:19:07.948 Information Orleans.Runtime.SiloOptionsLogger: Configuration Orleans.Configuration.AzureTableStreamCheckpointerOptions-poc:
TableName: pocCheckpoints
PersistInterval: 00:00:01
PartitionKeyPrefix: EventHubCheckpoints_
CheckpointComparer: System.Collections.Generic.ComparisonComparer`1[System.String]
ClientOptions: 
TableServiceClient: Azure.Data.Tables.TableServiceClient

13:19:07.948 Information Orleans.Runtime.SiloOptionsLogger: Configuration Orleans.Configuration.ClusterMembershipOptions:
NumMissedTableIAmAliveLimit: 3
LivenessEnabled: True
ProbeTimeout: 00:00:05
MinProbeTimeout: 00:00:02.5000000
MaxProbeTimeout: 00:00:20
TableRefreshTimeout: 00:01:00
DeathVoteExpirationTimeout: 00:02:00
IAmAliveTablePublishTimeout: 00:00:30
MaxJoinAttemptTime: 00:05:00
UseLivenessGossip: True
NumProbedSilos: 10
NumMissedProbesLimit: 3
NumVotesForDeathDeclaration: 2
DefunctSiloExpiration: 7.00:00:00
DefunctSiloCleanupPeriod: 01:00:00
MaxDefunctSiloEntries: 25
LocalHealthDegradationMonitoringPeriod: 00:00:10
ExtendProbeTimeoutDuringDegradation: True
EnableIndirectProbes: True
EnableConnectionLivenessCheck: True
EvictWhenMaxJoinAttemptTimeExceeded: True

13:19:07.948 Information Orleans.Runtime.SiloOptionsLogger: Configuration Orleans.Configuration.ClusterOptions:
ClusterId: poc1031eventhubB914d2b
ServiceId: poc1031eventhubB914d2b

13:19:07.948 Information Orleans.Runtime.SiloOptionsLogger: Configuration Orleans.Configuration.ConnectionOptions:
ProtocolVersion: Version1
ConnectionsPerEndpoint: 1
ConnectionRetryDelay: 00:00:01
OpenConnectionTimeout: 00:00:05

13:19:07.948 Information Orleans.Runtime.SiloOptionsLogger: Configuration Orleans.Configuration.ConsistentRingOptions:
NumVirtualBucketsConsistentRing: 30
UseVirtualBucketsConsistentRing: True

13:19:07.948 Information Orleans.Runtime.SiloOptionsLogger: Configuration Orleans.Configuration.DevelopmentClusterMembershipOptions:
PrimarySiloEndpoint: 127.0.0.1:11112

13:19:07.948 Information Orleans.Runtime.SiloOptionsLogger: Configuration Orleans.Configuration.EndpointOptions:
AdvertisedIPAddress: 127.0.0.1
SiloPort: 11112
GatewayPort: 30001
SiloListeningEndpoint: 
GatewayListeningEndpoint: 

13:19:07.948 Information Orleans.Runtime.SiloOptionsLogger: Configuration Orleans.Configuration.EventHubOptions-poc:
ConnectionOptions: Azure.Messaging.EventHubs.EventHubConnectionOptions

13:19:07.948 Information Orleans.Runtime.SiloOptionsLogger: Configuration Orleans.Configuration.EventHubOptions-poc:
ConnectionOptions: Azure.Messaging.EventHubs.EventHubConnectionOptions

13:19:07.948 Information Orleans.Runtime.SiloOptionsLogger: Configuration Orleans.Configuration.EventHubReceiverOptions-poc:
PrefetchCount: 
StartFromNow: True

13:19:07.948 Information Orleans.Runtime.SiloOptionsLogger: Configuration Orleans.Configuration.EventHubStreamCachePressureOptions-poc:
SlowConsumingMonitorFlowControlThreshold: 
SlowConsumingMonitorPressureWindowSize: 
AveragingCachePressureMonitorFlowControlThreshold: 0.3333333333333333

13:19:07.948 Information Orleans.Runtime.SiloOptionsLogger: Configuration Orleans.Configuration.GrainCollectionOptions:
CollectionQuantum: 00:00:02
CollectionAge: 00:00:10
ActivationTimeout: 00:00:30
DeactivationTimeout: 00:00:30
EnableActivationSheddingOnMemoryPressure: False
MemoryUsagePollingPeriod: 00:00:05
MemoryUsageLimitPercentage: 80
MemoryUsageTargetPercentage: 75

13:19:07.948 Information Orleans.Runtime.SiloOptionsLogger: Configuration Orleans.Configuration.GrainDirectoryOptions:
CachingStrategy: LRU
CacheSize: 1000000
PartitionsPerSilo: 1
MaximumCacheTTL: 00:04:00
LazyDeregistrationDelay: 00:01:00
RangeLeaseDuration: 00:00:30

13:19:07.948 Information Orleans.Runtime.SiloOptionsLogger: Configuration Orleans.Configuration.GrainVersioningOptions:
DefaultCompatibilityStrategy: BackwardCompatible
DefaultVersionSelectorStrategy: AllCompatibleVersions

13:19:07.948 Information Orleans.Runtime.SiloOptionsLogger: Configuration Orleans.Configuration.LoadSheddingOptions:
LoadSheddingEnabled: False
CpuThreshold: 95
MemoryThreshold: 90

13:19:07.948 Information Orleans.Runtime.SiloOptionsLogger: Configuration Orleans.Configuration.ResourceOptimizedPlacementOptions:
CpuUsageWeight: 40
MemoryUsageWeight: 20
AvailableMemoryWeight: 20
MaxAvailableMemoryWeight: 5
ActivationCountWeight: 15
LocalSiloPreferenceMargin: 5

13:19:07.948 Information Orleans.Runtime.SiloOptionsLogger: Configuration Orleans.Configuration.SchedulingOptions:
DelayWarningThreshold: 00:00:10
ActivationSchedulingQuantum: 00:00:00.1000000
TurnWarningLengthThreshold: 00:00:01
MaxPendingWorkItemsSoftLimit: 0
StoppedActivationWarningInterval: 00:01:00

13:19:07.949 Information Orleans.Runtime.SiloOptionsLogger: Configuration Orleans.Configuration.SiloMessagingOptions:
SiloSenderQueues: 0
GatewaySenderQueues: 0
MaxForwardCount: 2
ClientDropTimeout: 00:01:00
ClientRegistrationRefresh: 00:05:00
ClientGatewayShutdownNotificationTimeout: 00:00:00
MaxEnqueuedRequestsSoftLimit: 0
MaxEnqueuedRequestsHardLimit: 0
MaxEnqueuedRequestsSoftLimit_StatelessWorker: 0
MaxEnqueuedRequestsHardLimit_StatelessWorker: 0
MaxRequestProcessingTime: 02:00:00
AssumeHomogenousSilosForTesting: False
SystemResponseTimeout: 00:00:30
GrainWorkloadAnalysisPeriod: 00:00:05
RequestProcessingWarningTime: 00:00:20
RequestQueueDelayWarningTime: 00:00:20
WaitForMessageToBeQueuedForOutboundTime: 00:00:00
PlacementTimeout: 00:00:30
PlacementMaxRetries: 3
PlacementRetryBaseDelay: 00:00:00.1000000
ResponseTimeout: 00:00:30
ResponseTimeoutWithDebugger: 00:30:00
DropExpiredMessages: True
MaxMessageHeaderSize: 10485760
MaxMessageBodySize: 104857600
CancelRequestOnTimeout: False
WaitForCancellationAcknowledgement: False
CancelUnknownRequestOnStatusUpdate: False

13:19:07.949 Information Orleans.Runtime.SiloOptionsLogger: Configuration Orleans.Configuration.SiloOptions:
SiloName: Silo_3b3bb

13:19:07.949 Information Orleans.Runtime.SiloOptionsLogger: Configuration Orleans.Configuration.StatelessWorkerOptions:
RemoveIdleWorkers: True
IdleWorkersInspectionPeriod: 00:00:00.5000000
MinIdleCyclesBeforeRemoval: 1

13:19:07.949 Information Orleans.Runtime.SiloOptionsLogger: Configuration Orleans.Configuration.StreamCacheEvictionOptions-poc:
DataMinTimeInCache: 00:00:01
DataMaxAgeInCache: 00:00:03
MetadataMinTimeInCache: 00:00:05

13:19:07.949 Information Orleans.Runtime.SiloOptionsLogger: Configuration Orleans.Configuration.StreamCacheEvictionOptions-poc:
DataMinTimeInCache: 00:00:01
DataMaxAgeInCache: 00:00:03
MetadataMinTimeInCache: 00:00:05

13:19:07.949 Information Orleans.Runtime.SiloOptionsLogger: Configuration Orleans.Configuration.StreamPubSubOptions-poc:
PubSubType: ImplicitOnly

13:19:07.949 Information Orleans.Runtime.SiloOptionsLogger: Configuration Orleans.Configuration.StreamPullingAgentOptions-poc:
BatchContainerBatchSize: 1
GetQueueMsgsTimerPeriod: 00:00:00.1000000
InitQueueTimeout: 00:00:05
MaxEventDeliveryTime: 00:01:00
StreamInactivityPeriod: 00:00:20

13:19:07.949 Information Orleans.Runtime.SiloOptionsLogger: Configuration Orleans.Configuration.StreamStatisticOptions-poc:
StatisticMonitorWriteInterval: 00:00:01

13:19:07.949 Information Orleans.Runtime.SiloOptionsLogger: Configuration Orleans.Configuration.StreamStatisticOptions-poc:
StatisticMonitorWriteInterval: 00:00:01

13:19:07.949 Information Orleans.Runtime.Silo: Silo Start()
13:19:07.949 Information Orleans.Runtime.Silo: Init grain services took 0 milliseconds to finish
13:19:07.949 Information Orleans.Runtime.MembershipService.MembershipTableManager: MembershipOracle starting on host Andres-MacBook-Pro.local with SiloAddress S127.0.0.1:11112:149606347 at 2026-09-28 13:19:07.897 GMT
13:19:07.951 Warning     Orleans.Runtime.Watchdog: Participant check thread has not completed for 5.14:04:48.9929225, potentially indicating lock contention or deadlock, CPU starvation, or another execution anomaly.
13:19:07.953 Information Orleans.Runtime.MembershipService.SystemTargetBasedMembershipTable: Connected to membership table provider.
13:19:07.953 Information Orleans.Runtime.MembershipService.MembershipAgent: Joining
13:19:07.962 Information Orleans.Runtime.MembershipService.MembershipAgent: -BecomeActive
13:19:07.963 Information Orleans.Runtime.MembershipService.MembershipAgent: -Finished BecomeActive.
13:19:07.963 Information Orleans.Runtime.Providers.SiloProviderRuntime: Successfully created queue balancer of type Orleans.Streams.ConsistentRingQueueBalancer for stream provider poc
13:19:07.963 Information Orleans.Streams.PersistentStreamPullingManager.poc: Created PersistentStreamPullingManager for Stream Provider poc.
13:19:07.964 Information Orleans.Streams.PersistentStreamPullingManager.poc: Init.
13:19:07.964 Information Orleans.Streams.PersistentStreamPullingManager.poc: Initialize: I am now responsible for 1 queues: [poc-0].
13:19:07.964 Information Orleans.Streams.PersistentStreamPullingManager.poc: Starting agents for 1 queues: [poc-0].
13:19:07.964 Information Orleans.Streams.poc: Created PersistentStreamPullingAgent sys.svc.stream.agent/127.0.0.1:11112@149606347+poc_1_poc-0-0x00000000 for Stream Provider poc on silo S127.0.0.1:11112:149606347 for Queue poc-0-0x00000000.
13:19:07.965 Information Orleans.Streams.poc: Init of PersistentStreamPullingAgent sys.svc.stream.agent/127.0.0.1:11112@149606347+poc_1_poc-0-0x00000000 on silo S127.0.0.1:11112:149606347 for queue poc-0-0x00000000.
13:19:07.965 Information Orleans.Streaming.EventHubs.EventHubAdapterReceiver: Initializing EventHub partition poc-hub-0.
13:19:07.965 Information Orleans.Streams.AzureTableStreamQueueCheckpointer: Creating Azure Table checkpointer for partition 0 of stream provider poc with service ID poc1031eventhubB914d2b.
13:19:07.965 Information Orleans.Streams.poc: Taking queue poc-0-0x00000000 under my responsibility.
13:19:07.965 Information Orleans.Streams.PersistentStreamPullingManager.poc: Added 1 new queues: [poc-0]. Now own total of 1 queues: [poc-0].
13:19:07.965 Information Orleans.Streams.PersistentStreamPullingManager.poc: Started agents.
13:19:07.965 Information Orleans.Hosting.SiloHostedService: Orleans Silo started.
13:19:07.966 Information Polly: Execution attempt. Source: 'Orleans.Placement/(null)/Retry', Operation Key: '', Result: 'S127.0.0.1:11112:149606347', Handled: 'False', Attempt: '0', Execution Time: 0.4427ms
13:19:07.966 Information Polly: Resilience pipeline executed. Source: 'Orleans.Placement/(null)', Operation Key: '', Result: 'S127.0.0.1:11112:149606347', Execution Time: 0.5519ms
13:19:07.968 Information Orleans.Streams.StreamQueueCheckpointEntity: Attached to Azure storage table pocCheckpoints
13:19:07.970 Information Orleans.Streaming.EventHubs.EventHubAdapterReceiver: Starting to read latest messages from EventHub partition poc-hub-0.
13:19:11.058 Debug       Orleans.Streams.poc: Got back 1 subscribers for stream poc/consumer/warmup-914d2b.
13:19:11.147 Information Polly: Execution attempt. Source: 'Orleans.Placement/(null)/Retry', Operation Key: '', Result: 'S127.0.0.1:11112:149606347', Handled: 'False', Attempt: '0', Execution Time: 0.057ms
13:19:11.147 Information Polly: Resilience pipeline executed. Source: 'Orleans.Placement/(null)', Operation Key: '', Result: 'S127.0.0.1:11112:149606347', Execution Time: 0.1532ms
13:19:11.159 Debug       Orleans.Streams.poc: Got back 0 subscribers for stream poc/filler/914d2b.
13:19:11.159 Debug       Orleans.Streams.poc: Got back 1 subscribers for stream poc/consumer/b-914d2b.
13:19:23.935 Information Orleans.Runtime.ActivationCollector: Deactivating '1' idle activations.
13:19:31.935 Information Orleans.Runtime.ActivationCollector: Deactivating '1' idle activations.
13:19:37.323 Debug       Orleans.Streams.poc: Got back 1 subscribers for stream poc/consumer/b-914d2b.
13:19:40.405 Information Orleans.Hosting.SiloHostedService: Stopping Orleans Silo
13:19:40.406 Information Orleans.Streams.PersistentStreamPullingManager.poc: Stopping agents for 1 queues: [poc-0].
13:19:40.406 Information Orleans.Streams.PersistentStreamPullingManager.poc: About to remove 1 agents from my responsibility: [poc-0].
13:19:40.406 Information Orleans.Streams.poc: Shutdown of PersistentStreamPullingAgent responsible for queue: poc-0-0x00000000
13:19:40.407 Warning     Orleans.Streaming.EventHubs.EventHubAdapterReceiver: Failed to read from EventHub partition poc-hub-0 | TaskCanceledException: A task was canceled.
13:19:40.407 Error       Orleans.Streams.poc: Exception while retrying the 0th time reading from queue poc-0-0x00000000 | TaskCanceledException: A task was canceled.
13:19:40.407 Information Orleans.Streaming.EventHubs.EventHubAdapterReceiver: Stopping reading from EventHub partition poc-hub-0
13:19:40.415 Information Orleans.Streams.poc: Unregister PersistentStreamPullingAgent Producer for stream poc/filler/914d2b.
13:19:40.415 Information Orleans.Streams.poc: Unregister PersistentStreamPullingAgent Producer for stream poc/consumer/b-914d2b.
13:19:40.415 Information Orleans.Streams.PersistentStreamPullingManager.poc: Removed 1 queues: [poc-0]. Now own total of 0 queues: [].
13:19:40.415 Information Orleans.Streams.PersistentStreamPullingManager.poc: Stopped agents.
13:19:40.425 Information Orleans.Hosting.SiloHostedService: Orleans Silo stopped.
